pool 44건 · Yonhap-NK 32, DailyNK-JP 4, DailyNK 5, RFA-KO 3

== 묶음 10: 묶음 [10, 10, 10, 10, 4] · 묶음당 2건 → 통과 10건
  최종 5:
     5 [Yonhap-NK ] 軍 "北, 동해상으로 미상 발사체 발사"…탄도미사일이면 23일만
    38 [Yonhap-NK ] 北, 한미일 프리덤에지 훈련 직후 단거리탄도미사일 수차례 발사(종합2보)
     6 [Yonhap-NK ] 우크라전 학습한 北, 미사일·드론·방사포 등 4종 '섞어쏘기'(종합)
    30 [Yonhap-NK ] "북러, 2023년부터 파병 협상 시작…북한군 사망자 2천여명"
    20 [Yonhap-NK ] 통일부, 남북 단절에도 '기타 경협사업' 예산 1천515억 편성
  통과자 소스: {'Yonhap-NK': 10}

== 묶음 20: 묶음 [20, 20, 4] · 묶음당 4건 → 통과 12건
  최종 5:
     5 [Yonhap-NK ] 軍 "北, 동해상으로 미상 발사체 발사"…탄도미사일이면 23일만
    38 [Yonhap-NK ] 北, 한미일 프리덤에지 훈련 직후 단거리탄도미사일 수차례 발사(종합2보)
    25 [Yonhap-NK ] 北, 포·미사일 합동타격훈련 지각 확인…"통합화력 지휘 숙달"
    30 [Yonhap-NK ] "북러, 2023년부터 파병 협상 시작…북한군 사망자 2천여명"
    20 [Yonhap-NK ] 통일부, 남북 단절에도 '기타 경협사업' 예산 1천515억 편성
  통과자 소스: {'Yonhap-NK': 10, 'DailyNK-JP': 1, 'DailyNK': 1}

== 묶음 40: 묶음 [40, 4] · 묶음당 8건 → 통과 9건
  최종 5:
     5 [Yonhap-NK ] 軍 "北, 동해상으로 미상 발사체 발사"…탄도미사일이면 23일만
    18 [Yonhap-NK ] 北, 한미일 '프리덤에지' 훈련 끝나자마자 탄도미사일 도발(종합)
    38 [Yonhap-NK ] 北, 한미일 프리덤에지 훈련 직후 단거리탄도미사일 수차례 발사(종합2보)
     6 [Yonhap-NK ] 우크라전 학습한 北, 미사일·드론·방사포 등 4종 '섞어쏘기'(종합)
    30 [Yonhap-NK ] "북러, 2023년부터 파병 협상 시작…북한군 사망자 2천여명"
  통과자 소스: {'Yonhap-NK': 8, 'DailyNK-JP': 1}

== 묶음 40 again: 묶음 [40, 4] · 묶음당 8건 → 통과 9건
  최종 5:
     5 [Yonhap-NK ] 軍 "北, 동해상으로 미상 발사체 발사"…탄도미사일이면 23일만
    18 [Yonhap-NK ] 北, 한미일 '프리덤에지' 훈련 끝나자마자 탄도미사일 도발(종합)
    38 [Yonhap-NK ] 北, 한미일 프리덤에지 훈련 직후 단거리탄도미사일 수차례 발사(종합2보)
     6 [Yonhap-NK ] 우크라전 학습한 北, 미사일·드론·방사포 등 4종 '섞어쏘기'(종합)
    30 [Yonhap-NK ] "북러, 2023년부터 파병 협상 시작…북한군 사망자 2천여명"
  통과자 소스: {'Yonhap-NK': 9}

== 겹침
        10 vs 20        통과자 겹침 8 (통과 10·12) · 최종 5 겹침 4/5
        10 vs 40        통과자 겹침 6 (통과 10·9) · 최종 5 겹침 4/5
        10 vs 40 again  통과자 겹침 7 (통과 10·9) · 최종 5 겹침 4/5
        20 vs 40        통과자 겹침 6 (통과 12·9) · 최종 5 겹침 3/5
        20 vs 40 again  통과자 겹침 5 (통과 12·9) · 최종 5 겹침 3/5
        40 vs 40 again  통과자 겹침 8 (통과 9·9) · 최종 5 겹침 5/5

== 구조화 출력 없이 20회 · temperature 0.0
  판정: {'정상': 20} · 서로 다른 답 2가지
    14회  '5,38,18,6,30'  → 정상
     6회  '5,38,18,30,6'  → 정상

== 구조화 출력 없이 20회 · temperature 0.7
  판정: {'정상': 20} · 서로 다른 답 4가지
    11회  '5,38,18,6,30'  → 정상
     7회  '5,38,18,30,6'  → 정상
     1회  '5,38,6,30,18'  → 정상
     1회  '38,5,18,6,30'  → 정상
exit7=0
