== A. 첫 시도에 한글 없는 칸 → 1회 재요청

  [강의 지시문]
    DailyNK-JP    704자  재시도 후 통과     ['headline', 'summary', 'why']  러시아, IAEA에 북한 핵 보고서 발행 중단 요구
    DailyNK-JP    516자  재시도 후 통과     ['headline', 'summary', 'why']  금정은, 얼굴과 체중 증가 징후 관측…연설 중 몸 흔…
    DailyNK-JP    900자  재시도 후에도 실패   ['headline', 'summary', 'why']  ウクライナに大量のクラスター弾搭載兵器移転計画、北朝鮮軍に…
    DailyNK-JP   1136자  재시도 후 통과     ['headline', 'summary', 'why']  북한, 해외 중고 유조선 불법 취득 정황…국제 제재 …
    AsiaPress    1258자  재시도 후 통과     ['headline', 'summary', 'why']  북한, 대중 수출 1위는 여성 노동력 활용한 인모제품…
    AsiaPress    1521자  재시도 후에도 실패   ['headline', 'summary', 'why']  北朝鮮、国営企業の労賃10倍引き上げも超インフレで購買力急減
    38North      2940자  첫 시도 통과        북중 신압록강 다리 개통 임박, 양국 간 도로 화물 …
    Yonhap-NK    1701자  첫 시도 통과        재일조선인 응원단, 북한 여자축구 대표팀 방글라데시전…
    DailyNK      1522자  첫 시도 통과        북한 주민들, 무더위 완화로 저녁 야외 휴식 늘어 생…
    첫 시도 실패 6/9 · 재요청으로 고쳐짐 4/6 · 실패 소스 {'DailyNK-JP': 4, 'AsiaPress': 2}

  [파이프라인 SYS_DRAFT]
    DailyNK-JP    704자  첫 시도 통과        러시아, IAEA에 북한 핵 보고서 발행 중단 요구
    DailyNK-JP    516자  첫 시도 통과        김정은, 체중 증가로 턱선 사라진 듯…연설 중 몸을 …
    DailyNK-JP    900자  재시도 후에도 실패   ['headline', 'summary', 'why']  ウクライナに大量のクラスター弾搭載兵器移転計画、北朝鮮軍に…
    DailyNK-JP   1136자  첫 시도 통과        북한, 해외 중고 유조선 새로 확보 가능성…제재 위반…
    AsiaPress    1258자  첫 시도 통과        북한, 대중 수출 1위는 여성 노동력 활용한 인모제품…
    AsiaPress    1521자  첫 시도 통과        북한 국영기업 노동임금 10배 인상 후 초인플레이션으…
    38North      2940자  첫 시도 통과        북중 신압록강 다리 개통 임박, 양국 간 화물 교역 …
    Yonhap-NK    1701자  첫 시도 통과        재일조선인 응원단, 북한 여자축구 대표팀 10-0 대…
    DailyNK      1522자  첫 시도 통과        북한 주민들, 무더위 한풀 꺾이자 저녁 야외 휴식 늘어
    첫 시도 실패 1/9 · 재요청으로 고쳐짐 0/1 · 실패 소스 {'DailyNK-JP': 1}

== B. temperature 0 vs 0.7, 3회씩

  AsiaPress · 大規模価格調査で探る北朝鮮経済（8） 労働者の月給いくら？ 何が買える？ 超イ…
    temperature 0.0: 헤드라인 1가지 · 요약 숫자 조합 2가지 · 요약 길이 [155, 180, 147]
      - 북한 국영기업 노동임금 10배 인상 후 초인플레이션으로 구매력 급감  숫자 ['10', '2023', '3']
      - 북한 국영기업 노동임금 10배 인상 후 초인플레이션으로 구매력 급감  숫자 ['10', '1990', '2023', '3']
      - 북한 국영기업 노동임금 10배 인상 후 초인플레이션으로 구매력 급감  숫자 ['10', '2023', '3']
    temperature 0.7: 헤드라인 3가지 · 요약 숫자 조합 3가지 · 요약 길이 [134, 206, 234]
      - 北朝鮮、国営企業の労賃を10倍引き上げも超インフレで実質価値減少  숫자 ['10', '2023']
      - 북한 국영기업 임금 10배 인상했으나 초인플레이션으로 실질 구매력 급감  숫자 ['10', '1990', '2023', '3']
      - 북한 국영기업 노동임금 대폭 인상 후 초인플레이션으로 구매력 급감  숫자 ['10', '1990', '2023', '4', '5', '6']

  38North · New North Korea-China Link Appears Clos…
    temperature 0.0: 헤드라인 1가지 · 요약 숫자 조합 1가지 · 요약 길이 [149, 141, 149]
      - 북중 신압록강 다리 개통 임박, 양국 간 화물 교역 확대 기대  숫자 ['10']
      - 북중 신압록강 다리 개통 임박, 양국 간 화물 교역 확대 기대  숫자 ['10']
      - 북중 신압록강 다리 개통 임박, 양국 간 화물 교역 확대 기대  숫자 ['10']
    temperature 0.7: 헤드라인 3가지 · 요약 숫자 조합 2가지 · 요약 길이 [212, 151, 142]
      - 북중 신압록강대교 개통 임박, 양국 간 물류 통로 확대 전망  숫자 ['10', '2011', '2016']
      - 북중 신설 국경 다리 개통 임박, 양국 간 도로 화물 교역 확대 기대  숫자 ['10']
      - 북중 신설 국경 교량 개통 임박  숫자 ['10']
exit8=0
