
== A. 독립 채점 temperature 0.0 · 3회 (36번 호출)
    1회 2회 3회  기사
      1   1   1   0 [Yonhap-NK ] [아시안게임] "필승조선!" 오사카 쩌렁쩌렁 울린 '붉은색' 北…
      1   1   1   1 [Yonhap-NK ] [아시안게임] "필승조선!" 오사카 쩌렁쩌렁 울린 '붉은색' 北…
      2   2   2   2 [Yonhap-NK ] [북한단신] 조총련 교육간부 대표단, 北학교장들과 모임
      4   4   4   3 [Yonhap-NK ] 병무청, 고아·귀화자·탈북민 병역감면 제도 개정 검토
      3   3   4   4 [DailyNK   ] 더위 꺾이자 공원으로 몰려드는 北 주민들 “이제야 살 것 같다”  ← 흔들림
      1   1   1   5 [DailyNK   ] 주문 받은 옷만 만드는데 “새 도안 내라”…현장선 “실효성 없다…
      3   3   3   6 [DailyNK   ] 김정은 “세계 일류급 교육” 외쳤지만…농촌에선 여전한 회의론
      1   1   1   7 [DailyNK   ] 개학하자마자 학생들에게 돈 걷은 소학교들…학부모 경제적 부담↑
      7   6   7   8 [DailyNK-JP] ロシア、IAEAに「北朝鮮核報告やめろ」…国際監視網の弱体化狙う？  ← 흔들림
      1   1   1   9 [DailyNK-JP] 「あごが消えた？」金正恩氏、さらに激太り説 体を繰り返し揺らす様子も
      2   2   2  10 [DailyNK-JP] 北朝鮮部隊を襲う「クラスター弾の雨」 ウクライナがATACMSなど大量…
      7   7   7  11 [DailyNK-JP] かつて日本→韓国の中古タンカー、今度は北朝鮮船に…「制裁違反、爆発的に…
  1회 상위 5: [8, 11, 3, 4, 6]  · 서로 다른 점수 값 5개 · 분포 {7: 2, 4: 1, 3: 2, 2: 2, 1: 5}
  2회 상위 5: [11, 8, 3, 4, 6]  · 서로 다른 점수 값 6개 · 분포 {7: 1, 6: 1, 4: 1, 3: 2, 2: 2, 1: 5}
  3회 상위 5: [8, 11, 3, 4, 6]  · 서로 다른 점수 값 5개 · 분포 {7: 2, 4: 2, 3: 1, 2: 2, 1: 5}
  소스별 평균: Yonhap-NK 2.00 · DailyNK 2.08 · DailyNK-JP 4.17

== B. 독립 채점 temperature 0.7 · 3회 (36번 호출)
    1회 2회 3회  기사
      1   1   1   0 [Yonhap-NK ] [아시안게임] "필승조선!" 오사카 쩌렁쩌렁 울린 '붉은색' 北…
      1   1   1   1 [Yonhap-NK ] [아시안게임] "필승조선!" 오사카 쩌렁쩌렁 울린 '붉은색' 北…
      1   1   1   2 [Yonhap-NK ] [북한단신] 조총련 교육간부 대표단, 北학교장들과 모임
      4   3   4   3 [Yonhap-NK ] 병무청, 고아·귀화자·탈북민 병역감면 제도 개정 검토  ← 흔들림
      4   4   3   4 [DailyNK   ] 더위 꺾이자 공원으로 몰려드는 北 주민들 “이제야 살 것 같다”  ← 흔들림
      1   1   1   5 [DailyNK   ] 주문 받은 옷만 만드는데 “새 도안 내라”…현장선 “실효성 없다…
      2   3   3   6 [DailyNK   ] 김정은 “세계 일류급 교육” 외쳤지만…농촌에선 여전한 회의론  ← 흔들림
      1   1   1   7 [DailyNK   ] 개학하자마자 학생들에게 돈 걷은 소학교들…학부모 경제적 부담↑
      7   7   7   8 [DailyNK-JP] ロシア、IAEAに「北朝鮮核報告やめろ」…国際監視網の弱体化狙う？
      2   1   2   9 [DailyNK-JP] 「あごが消えた？」金正恩氏、さらに激太り説 体を繰り返し揺らす様子も  ← 흔들림
      1   3   2  10 [DailyNK-JP] 北朝鮮部隊を襲う「クラスター弾の雨」 ウクライナがATACMSなど大量…  ← 흔들림
      7   7   7  11 [DailyNK-JP] かつて日本→韓国の中古タンカー、今度は北朝鮮船に…「制裁違反、爆発的に…
  1회 상위 5: [8, 11, 3, 4, 6]  · 서로 다른 점수 값 4개 · 분포 {7: 2, 4: 2, 2: 2, 1: 6}
  2회 상위 5: [8, 11, 4, 3, 6]  · 서로 다른 점수 값 4개 · 분포 {7: 2, 4: 1, 3: 3, 1: 6}
  3회 상위 5: [8, 11, 3, 4, 6]  · 서로 다른 점수 값 5개 · 분포 {7: 2, 4: 1, 3: 2, 2: 2, 1: 5}
  소스별 평균: Yonhap-NK 1.67 · DailyNK 2.08 · DailyNK-JP 4.42

  temperature 0에서 흔들린 기사의 첫 토큰 확률
     4 [DailyNK   ] 더위 꺾이자 공원으로 몰려드는 北 주민들 “이제야 살 것 같다”  '3' 65.8% · '4' 27.4% · '2' 5.4%
     8 [DailyNK-JP] ロシア、IAEAに「北朝鮮核報告やめろ」…国際監視網の弱体化狙う？  '7' 54.3% · '6' 42.3% · '5' 2.4%

== C. 한 화면 상대평가 (2번 호출)
  정순 목록 상위 5: [4, 7, 5, 8, 11]
  역순 목록 상위 5: [11, 8, 3, 7, 6]
  겹치는 기사 3/5 · 순위까지 같은 자리 0/5

== D. 토너먼트 66쌍 × 양방향 (132번 호출)
  두 순서 판정 일치 57/66쌍 (86%)
  132번 중 A 자리 57번 / B 자리 75번
  승수 (순서에 따라 갈린 쌍은 0.5씩)
     1위 10.0승  11 [DailyNK-JP] かつて日本→韓国の中古タンカー、今度は北朝鮮船に…「制裁違反、爆発的に…
     2위  9.5승   8 [DailyNK-JP] ロシア、IAEAに「北朝鮮核報告やめろ」…国際監視網の弱体化狙う？
     3위  9.0승   3 [Yonhap-NK ] 병무청, 고아·귀화자·탈북민 병역감면 제도 개정 검토
     4위  8.5승  10 [DailyNK-JP] 北朝鮮部隊を襲う「クラスター弾の雨」 ウクライナがATACMSなど大量…
     5위  7.5승   7 [DailyNK   ] 개학하자마자 학생들에게 돈 걷은 소학교들…학부모 경제적 부담↑
     6위  6.0승   6 [DailyNK   ] 김정은 “세계 일류급 교육” 외쳤지만…농촌에선 여전한 회의론
     7위  5.5승   4 [DailyNK   ] 더위 꺾이자 공원으로 몰려드는 北 주민들 “이제야 살 것 같다”
     8위    4승   5 [DailyNK   ] 주문 받은 옷만 만드는데 “새 도안 내라”…현장선 “실효성 없다…
     9위    3승   2 [Yonhap-NK ] [북한단신] 조총련 교육간부 대표단, 北학교장들과 모임
    10위  1.5승   0 [Yonhap-NK ] [아시안게임] "필승조선!" 오사카 쩌렁쩌렁 울린 '붉은색' 北…
    11위  1.5승   1 [Yonhap-NK ] [아시안게임] "필승조선!" 오사카 쩌렁쩌렁 울린 '붉은색' 北…
    12위    0승   9 [DailyNK-JP] 「あごが消えた？」金正恩氏、さらに激太り説 体を繰り返し揺らす様子も
  상위 7위 안 동점: 없음
  소스별 승수 합: Yonhap-NK 15 · DailyNK 23 · DailyNK-JP 28

== 네 방식의 상위 5 비교
  A 독립 1회    [8, 11, 3, 4, 6]
  C 상대 정순    [4, 7, 5, 8, 11]
  C 상대 역순    [11, 8, 3, 7, 6]
  D 토너먼트     [11, 8, 3, 10, 7]
  A 독립 1회 ∩ C 상대 정순: 3/5
  A 독립 1회 ∩ C 상대 역순: 4/5
  A 독립 1회 ∩ D 토너먼트: 3/5
  C 상대 정순 ∩ C 상대 역순: 3/5
  C 상대 정순 ∩ D 토너먼트: 3/5
  C 상대 역순 ∩ D 토너먼트: 4/5
exit6=0
